2026-05-01 22:36:18,041 - INFO - Placing MARKET order: BTCUSDT BUY 0.001
2026-05-01 22:36:22,788 - INFO - Response: {}
2026-05-01 22:40:26,173 - INFO - Placing MARKET order: BTCUSDT BUY 0.001
2026-05-01 22:40:30,108 - INFO - Response: {}
2026-05-01 22:44:21,943 - INFO - Placing MARKET order: BTCUSDT BUY 0.01
2026-05-01 22:44:24,287 - ERROR - Market Order Error: APIError(code=-2015): Invalid API-key, IP, or permissions for action
2026-05-01 22:46:42,437 - INFO - Placing MARKET order: BTCUSDT BUY 0.01
2026-05-01 22:46:45,453 - ERROR - Market Order Error: APIError(code=-2015): Invalid API-key, IP, or permissions for action
2026-05-01 23:02:44,109 - INFO - Placing MARKET order: BTCUSDT BUY 0.01
2026-05-01 23:02:46,393 - ERROR - Market Order Error: APIError(code=-2015): Invalid API-key, IP, or permissions for action
2026-05-01 23:12:22,177 - INFO - Placing MARKET order: BTCUSDT BUY 0.01
2026-05-01 23:12:23,497 - ERROR - Market Order Error: APIError(code=-2015): Invalid API-key, IP, or permissions for action
2026-05-01 23:15:03,043 - INFO - Placing MARKET order: BTCUSDT BUY 0.01
2026-05-01 23:15:06,182 - ERROR - Market Order Error: APIError(code=0): Invalid JSON error message from Binance: <!DOCTYPE HTML PUBLIC "-//W3C//DTD HTML 4.01 Transitional//EN" "http://www.w3.org/TR/html4/loose.dtd">
<HTML><HEAD><META HTTP-EQUIV="Content-Type" CONTENT="text/html; charset=iso-8859-1">
<TITLE>ERROR: The request could not be satisfied</TITLE>
</HEAD><BODY>
<H1>403 ERROR</H1>
<H2>The request could not be satisfied.</H2>
<HR noshade size="1px">
Request blocked.
We can't connect to the server for this app or website at this time. There might be too much traffic or a configuration error. Try again later, or contact the app or website owner.
<BR clear="all">
If you provide content to customers through CloudFront, you can find steps to troubleshoot and help prevent this error by reviewing the CloudFront documentation.
<BR clear="all">
<HR noshade size="1px">
<PRE>
Generated by cloudfront (CloudFront)
Request ID: 9jd07QGDXazu0x3Xbad7JRHdSB0TL6TwiSl-gvvjwKvnNNv5hy-hlQ==
</PRE>
<ADDRESS>
</ADDRESS>
</BODY></HTML>
2026-05-01 23:17:45,642 - INFO - Placing MARKET order: BTCUSDT BUY 0.01
2026-05-01 23:17:48,276 - ERROR - Market Order Error: APIError(code=0): Invalid JSON error message from Binance: <!DOCTYPE HTML PUBLIC "-//W3C//DTD HTML 4.01 Transitional//EN" "http://www.w3.org/TR/html4/loose.dtd">
<HTML><HEAD><META HTTP-EQUIV="Content-Type" CONTENT="text/html; charset=iso-8859-1">
<TITLE>ERROR: The request could not be satisfied</TITLE>
</HEAD><BODY>
<H1>403 ERROR</H1>
<H2>The request could not be satisfied.</H2>
<HR noshade size="1px">
Request blocked.
We can't connect to the server for this app or website at this time. There might be too much traffic or a configuration error. Try again later, or contact the app or website owner.
<BR clear="all">
If you provide content to customers through CloudFront, you can find steps to troubleshoot and help prevent this error by reviewing the CloudFront documentation.
<BR clear="all">
<HR noshade size="1px">
<PRE>
Generated by cloudfront (CloudFront)
Request ID: vSH7aZb1JCiEt4vHyY7X4HP1QP0a4hhcTQSTfxNebnAMTtmUD32qsg==
</PRE>
<ADDRESS>
</ADDRESS>
</BODY></HTML>
2026-05-01 23:23:06,992 - INFO - Placing MARKET order: BTCUSDT BUY 0.01
2026-05-01 23:23:08,803 - ERROR - Market Order Error: APIError(code=0): Invalid JSON error message from Binance: <!DOCTYPE HTML PUBLIC "-//W3C//DTD HTML 4.01 Transitional//EN" "http://www.w3.org/TR/html4/loose.dtd">
<HTML><HEAD><META HTTP-EQUIV="Content-Type" CONTENT="text/html; charset=iso-8859-1">
<TITLE>ERROR: The request could not be satisfied</TITLE>
</HEAD><BODY>
<H1>403 ERROR</H1>
<H2>The request could not be satisfied.</H2>
<HR noshade size="1px">
Request blocked.
We can't connect to the server for this app or website at this time. There might be too much traffic or a configuration error. Try again later, or contact the app or website owner.
<BR clear="all">
If you provide content to customers through CloudFront, you can find steps to troubleshoot and help prevent this error by reviewing the CloudFront documentation.
<BR clear="all">
<HR noshade size="1px">
<PRE>
Generated by cloudfront (CloudFront)
Request ID: ejQjGBrzcdcG9OT8i8aKYTz_Iu9TbANgFl5krEwPJHsHAHfHBsMsTA==
</PRE>
<ADDRESS>
</ADDRESS>
</BODY></HTML>
2026-05-01 23:30:27,048 - INFO - Placing MARKET order: BTCUSDT BUY 0.01
2026-05-01 23:30:28,648 - ERROR - Market Order Error: APIError(code=-2015): Invalid API-key, IP, or permissions for action
